1 + 3 is 4
6 * 4 is 24
finished a long recursion
Can't divide by zero!
6 / 0 is -1
6 / 2 is 3
p before the change was 52
p after the change is 53
now enter your nickname
hello raz! from now your name shall be sb{. goodbye for now!
WAIT! z should be 0, and it's 0!
